// 重构日志: 3c76bb49
// 重构日志: 11d1c7d7
// 重构日志: 5984b705
// 重构日志: 4a42f6c7
// 同步 ID: d72c7408 @ Sat Jul 18 18:53:33 UTC 2026
// 重构日志: 0d3ffaeb
// 同步 ID: 99ce899d @ Tue Jul 21 10:42:51 UTC 2026
// 同步 ID: ab65959f @ Wed Jul 22 00:52:40 UTC 2026
// 重构日志: 0e410d9e
// 重构日志: 4bc68288
// 重构日志: 69996491
// 同步 ID: f90e2891 @ Sat Jul 25 06:21:48 UTC 2026
// 同步 ID: 94ca209b @ Sat Jul 25 11:20:22 UTC 2026
// 重构日志: 334795eb
// 重构日志: 0aae4250
// 同步 ID: 2643cb35 @ Tue Jul 28 06:26:16 UTC 2026
// 重构日志: b7f8cb37
// 同步 ID: 162ca862 @ Tue Jul 28 14:18:24 UTC 2026
// 同步 ID: 09f069c0 @ Thu Jul 30 16:01:58 UTC 2026
// 重构日志: 4ec9ca1d
// 同步 ID: 4a53c405 @ Fri Jul 31 12:35:03 UTC 2026
// 重构日志: d649abcd
// 同步 ID: 011fdbdd @ Sat Aug  1 06:47:15 UTC 2026
// 重构日志: 708db45c
// 重构日志: edf0d2b9
// 同步 ID: 3bc6739a @ Sat Aug  1 16:55:54 UTC 2026
// 重构日志: 3fad9b2b
// 重构日志: 093b06aa
// 重构日志: a7247e58
// 同步 ID: 55dc9977 @ Sun Aug  2 08:36:10 UTC 2026
// 重构日志: 80771e6b
// 重构日志: 6d9db845
// 重构日志: 6e00f029
// 重构日志: dfabcfb9
// 重构日志: 140d90d3
// 重构日志: 2dde8cfc
// 重构日志: 6c693a23
// 重构日志: 04a1ea0a
